123
124
5123